

================================================================
== Vivado HLS Report for 'pow_generic_double_s'
================================================================
* Date:           Tue Jul 28 17:03:58 2020

* Version:        2018.3 (Build 2405991 on Thu Dec 06 23:56:15 MST 2018)
* Project:        Hough
* Solution:       solution1
* Product family: kintexu
* Target device:  xcku115-flvd1517-2-e


================================================================
== Performance Estimates
================================================================
+ Timing (ns): 
    * Summary: 
    +--------+-------+----------+------------+
    |  Clock | Target| Estimated| Uncertainty|
    +--------+-------+----------+------------+
    |ap_clk  |  10.00|     8.732|        1.25|
    +--------+-------+----------+------------+

+ Latency (clock cycles): 
    * Summary: 
    +-----+-----+-----+-----+----------+
    |  Latency  |  Interval | Pipeline |
    | min | max | min | max |   Type   |
    +-----+-----+-----+-----+----------+
    |   22|   22|    1|    1| function |
    +-----+-----+-----+-----+----------+

    + Detail: 
        * Instance: 
        N/A

        * Loop: 
        N/A



================================================================
== Utilization Estimates
================================================================
* Summary: 
+---------------------+---------+-------+---------+--------+
|         Name        | BRAM_18K| DSP48E|    FF   |   LUT  |
+---------------------+---------+-------+---------+--------+
|DSP                  |        -|      1|        -|       -|
|Expression           |        -|     30|        0|    5193|
|FIFO                 |        -|      -|        -|       -|
|Instance             |        -|      -|        -|       -|
|Memory               |       30|      -|        6|       6|
|Multiplexer          |        -|      -|        -|      51|
|Register             |        4|      -|     4836|      48|
+---------------------+---------+-------+---------+--------+
|Total                |       34|     31|     4842|    5298|
+---------------------+---------+-------+---------+--------+
|Available SLR        |     2160|   2760|   663360|  331680|
+---------------------+---------+-------+---------+--------+
|Utilization SLR (%)  |        1|      1|    ~0   |       1|
+---------------------+---------+-------+---------+--------+
|Available            |     4320|   5520|  1326720|  663360|
+---------------------+---------+-------+---------+--------+
|Utilization (%)      |    ~0   |   ~0  |    ~0   |   ~0   |
+---------------------+---------+-------+---------+--------+

+ Detail: 
    * Instance: 
    N/A

    * DSP48: 
    +--------------------------+----------------------+--------------+
    |         Instance         |        Module        |  Expression  |
    +--------------------------+----------------------+--------------+
    |hls_hough_mac_mulncg_U11  |hls_hough_mac_mulncg  | i0 + i1 * i2 |
    +--------------------------+----------------------+--------------+

    * Memory: 
    +-------------------------+----------------------+---------+---+----+------+-----+------+-------------+
    |          Memory         |        Module        | BRAM_18K| FF| LUT| Words| Bits| Banks| W*Bits*Banks|
    +-------------------------+----------------------+---------+---+----+------+-----+------+-------------+
    |pow_reduce_anonymo_20_U  |pow_generic_doublbkb  |        0|  6|   6|    64|    6|     1|          384|
    |pow_reduce_anonymo_19_U  |pow_generic_doublcud  |        4|  0|   0|    64|  109|     1|         6976|
    |pow_reduce_anonymo_16_U  |pow_generic_doubldEe  |        3|  0|   0|    16|  105|     1|         1680|
    |pow_reduce_anonymo_17_U  |pow_generic_doubleOg  |        3|  0|   0|    64|  102|     1|         6528|
    |pow_reduce_anonymo_9_U   |pow_generic_doublfYi  |        3|  0|   0|    64|   97|     1|         6208|
    |pow_reduce_anonymo_12_U  |pow_generic_doublg8j  |        3|  0|   0|    64|   92|     1|         5888|
    |pow_reduce_anonymo_13_U  |pow_generic_doublhbi  |        3|  0|   0|    64|   87|     1|         5568|
    |pow_reduce_anonymo_14_U  |pow_generic_doublibs  |        3|  0|   0|    64|   82|     1|         5248|
    |pow_reduce_anonymo_15_U  |pow_generic_doubljbC  |        3|  0|   0|    64|   77|     1|         4928|
    |pow_reduce_anonymo_18_U  |pow_generic_doublkbM  |        2|  0|   0|   256|   58|     1|        14848|
    |pow_reduce_anonymo_U     |pow_generic_doubllbW  |        1|  0|   0|   256|   26|     1|         6656|
    |pow_reduce_anonymo_21_U  |pow_generic_doublmb6  |        2|  0|   0|   256|   42|     1|        10752|
    +-------------------------+----------------------+---------+---+----+------+-----+------+-------------+
    |Total                    |                      |       30|  6|   6|  1296|  883|    12|        75664|
    +-------------------------+----------------------+---------+---+----+------+-----+------+-------------+

    * FIFO: 
    N/A

    * Expression: 
    +-----------------------------+----------+-------+---+-----+------------+------------+
    |        Variable Name        | Operation| DSP48E| FF| LUT | Bitwidth P0| Bitwidth P1|
    +-----------------------------+----------+-------+---+-----+------------+------------+
    |Elog2_V_fu_1450_p2           |     *    |      2|  0|   86|          79|          12|
    |b_frac1_V1_fu_824_p2         |     *    |      2|  0|   31|          54|           6|
    |r_V_24_fu_854_p2             |     *    |      0|  0|   70|          71|           4|
    |r_V_25_fu_999_p2             |     *    |      2|  0|   74|          73|           6|
    |r_V_26_fu_1081_p2            |     *    |      2|  0|  104|          83|           6|
    |r_V_27_fu_1171_p2            |     *    |      2|  0|  140|          92|           6|
    |r_V_28_fu_1261_p2            |     *    |      2|  0|  120|          87|           6|
    |r_V_29_fu_1351_p2            |     *    |      2|  0|  100|          82|           6|
    |r_V_30_fu_1437_p2            |     *    |      2|  0|   82|          77|           6|
    |r_V_31_fu_1607_p2            |     *    |      3|  0|   28|          40|          40|
    |r_V_33_fu_1824_p2            |     *    |      2|  0|   70|          71|          13|
    |r_V_34_fu_1952_p2            |     *    |      3|  0|   22|          43|          36|
    |r_V_35_fu_2016_p2            |     *    |      3|  0|   20|          49|          44|
    |r_V_36_fu_2099_p2            |     *    |      3|  0|   21|          50|          50|
    |b_exp_1_fu_774_p2            |     +    |      0|  0|   19|          11|          12|
    |b_exp_fu_636_p2              |     +    |      0|  0|   19|          11|          12|
    |exp_Z1P_m_1_l_V_fu_2065_p2   |     +    |      0|  0|   59|          52|          52|
    |exp_Z2P_m_1_V_fu_1981_p2     |     +    |      0|  0|   51|          44|          44|
    |log_sum_V_1_fu_1577_p2       |     +    |      0|  0|  121|         109|         109|
    |out_exp_V_fu_2249_p2         |     +    |      0|  0|   18|          10|          11|
    |r_exp_V_fu_2188_p2           |     +    |      0|  0|   20|           2|          13|
    |ret_V_11_fu_1339_p2          |     +    |      0|  0|  138|         131|         131|
    |ret_V_13_fu_1502_p2          |     +    |      0|  0|  121|         136|         136|
    |ret_V_16_fu_1678_p2          |     +    |      0|  0|  121|         121|         121|
    |ret_V_19_fu_1923_p2          |     +    |      0|  0|   43|          36|          36|
    |ret_V_21_fu_2108_p2          |     +    |      0|  0|   66|           5|          59|
    |ret_V_22_fu_2140_p2          |     +    |      0|  0|  115|         108|         108|
    |ret_V_2_fu_916_p2            |     +    |      0|  0|   84|          77|          77|
    |ret_V_38_cast_fu_2146_p2     |     +    |      0|  0|  114|         107|         107|
    |ret_V_4_fu_987_p2            |     +    |      0|  0|  121|          82|          82|
    |ret_V_5_fu_1068_p2           |     +    |      0|  0|  109|         102|         102|
    |ret_V_7_fu_1159_p2           |     +    |      0|  0|  128|         121|         121|
    |ret_V_9_fu_1249_p2           |     +    |      0|  0|  133|         126|         126|
    |ret_V_s_fu_1672_p2           |     +    |      0|  0|  121|         121|         121|
    |tmp15_fu_1529_p2             |     +    |      0|  0|  116|         109|         109|
    |tmp16_fu_1535_p2             |     +    |      0|  0|  110|         103|         103|
    |tmp17_fu_1551_p2             |     +    |      0|  0|  121|          93|          93|
    |tmp18_fu_1557_p2             |     +    |      0|  0|   90|          83|          83|
    |tmp19_fu_1567_p2             |     +    |      0|  0|  121|          93|          93|
    |tmp23_fu_1972_p2             |     +    |      0|  0|   43|          36|          36|
    |tmp24_fu_2036_p2             |     +    |      0|  0|   51|          44|          44|
    |tmp_25_fu_1789_p2            |     +    |      0|  0|   20|           1|          13|
    |tmp_fu_1545_p2               |     +    |      0|  0|  121|         109|         109|
    |ret_V_10_fu_1281_p2          |     -    |      0|  0|  134|         127|         127|
    |ret_V_12_fu_1371_p2          |     -    |      0|  0|  139|         132|         132|
    |ret_V_14_fu_1519_p2          |     -    |      0|  0|  121|         136|         136|
    |ret_V_15_fu_1639_p2          |     -    |      0|  0|  125|         118|         118|
    |ret_V_18_fu_1846_p2          |     -    |      0|  0|   79|          72|          72|
    |ret_V_3_fu_929_p2            |     -    |      0|  0|   85|          78|          78|
    |ret_V_6_fu_1101_p2           |     -    |      0|  0|  110|         103|         103|
    |ret_V_8_fu_1191_p2           |     -    |      0|  0|  129|         122|         122|
    |ret_V_i_i_fu_1017_p2         |     -    |      0|  0|  121|          82|          82|
    |ap_block_pp0_stage0_11001    |    and   |      0|  0|    2|           1|           1|
    |ap_condition_132             |    and   |      0|  0|    2|           1|           1|
    |ap_condition_2144            |    and   |      0|  0|    2|           1|           1|
    |ap_condition_888             |    and   |      0|  0|    2|           1|           1|
    |ap_condition_896             |    and   |      0|  0|    2|           1|           1|
    |ap_condition_900             |    and   |      0|  0|    2|           1|           1|
    |tmp_178_i1_fu_690_p2         |    and   |      0|  0|    2|           1|           1|
    |tmp_5_fu_722_p2              |    and   |      0|  0|    2|           1|           1|
    |x_is_1_fu_654_p2             |    and   |      0|  0|    2|           1|           1|
    |x_is_n1_fu_672_p2            |    and   |      0|  0|    2|           1|           1|
    |x_is_p1_fu_666_p2            |    and   |      0|  0|    2|           1|           1|
    |icmp_fu_2218_p2              |   icmp   |      0|  0|    9|           3|           1|
    |tmp_17_fu_1783_p2            |   icmp   |      0|  0|   20|          18|           1|
    |tmp_1_fu_648_p2              |   icmp   |      0|  0|   29|          52|           1|
    |tmp_24_not_fu_710_p2         |   icmp   |      0|  0|   20|          32|           1|
    |tmp_2_fu_696_p2              |   icmp   |      0|  0|   13|          11|           1|
    |tmp_35_fu_1815_p2            |   icmp   |      0|  0|   71|         130|         130|
    |tmp_37_fu_2229_p2            |   icmp   |      0|  0|   13|          13|          11|
    |tmp_7_fu_736_p2              |   icmp   |      0|  0|   20|          32|           1|
    |tmp_9_fu_750_p2              |   icmp   |      0|  0|   20|          32|           1|
    |tmp_i7_fu_684_p2             |   icmp   |      0|  0|   29|          52|           1|
    |tmp_i9_fu_678_p2             |   icmp   |      0|  0|   13|          11|           2|
    |tmp_s_fu_642_p2              |   icmp   |      0|  0|   13|          12|           1|
    |ap_block_pp0_stage0_subdone  |    or    |      0|  0|    2|           1|           1|
    |brmerge_fu_716_p2            |    or    |      0|  0|    2|           1|           1|
    |or_cond1_fu_2224_p2          |    or    |      0|  0|    2|           1|           1|
    |b_exp_3_fu_780_p3            |  select  |      0|  0|   12|           1|          12|
    |b_frac_V_1_fu_813_p3         |  select  |      0|  0|   54|           1|          54|
    |eZ_V_fu_892_p3               |  select  |      0|  0|   76|           1|          76|
    |p_01164_0_in_fu_2193_p3      |  select  |      0|  0|   59|           1|          59|
    |p_cast_fu_2273_p3            |  select  |      0|  0|   63|           1|           1|
    |p_mux_cast_fu_2041_p3        |  select  |      0|  0|   63|           1|          63|
    |r_exp_V_2_fu_2201_p3         |  select  |      0|  0|   13|           1|          13|
    |r_exp_V_3_fu_1803_p3         |  select  |      0|  0|   13|           1|          13|
    |tmp_26_fu_1795_p3            |  select  |      0|  0|   13|           1|          13|
    |ap_enable_pp0                |    xor   |      0|  0|    2|           1|           2|
    |not_Val2_i_fu_660_p2         |    xor   |      0|  0|    2|           1|           2|
    +-----------------------------+----------+-------+---+-----+------------+------------+
    |Total                        |          |     30|  0| 5193|        4527|        3948|
    +-----------------------------+----------+-------+---+-----+------------+------------+

    * Multiplexer: 
    +--------------------------------------+----+-----------+-----+-----------+
    |                 Name                 | LUT| Input Size| Bits| Total Bits|
    +--------------------------------------+----+-----------+-----+-----------+
    |ap_phi_mux_p_1_in_phi_fu_586_p14      |  21|          4|   64|        256|
    |ap_phi_reg_pp0_iter1_p_1_in_reg_580   |  21|          4|   64|        256|
    |ap_phi_reg_pp0_iter22_p_1_in_reg_580  |   9|          2|   64|        128|
    +--------------------------------------+----+-----------+-----+-----------+
    |Total                                 |  51|         10|  192|        640|
    +--------------------------------------+----+-----------+-----+-----------+

    * Register: 
    +--------------------------------------+-----+----+-----+-----------+
    |                 Name                 |  FF | LUT| Bits| Const Bits|
    +--------------------------------------+-----+----+-----+-----------+
    |Elog2_V_reg_2551                      |   90|   0|   90|          0|
    |Z2_V_reg_2598                         |    8|   0|    8|          0|
    |Z3_V_reg_2605                         |    8|   0|    8|          0|
    |Z3_V_reg_2605_pp0_iter18_reg          |    8|   0|    8|          0|
    |Z4_V_reg_2610                         |   35|   0|   35|          0|
    |a_V_1_reg_2370                        |    6|   0|    6|          0|
    |a_V_2_reg_2387                        |    6|   0|    6|          0|
    |a_V_3_reg_2414                        |    6|   0|    6|          0|
    |a_V_4_reg_2441                        |    6|   0|    6|          0|
    |a_V_5_reg_2468                        |    6|   0|    6|          0|
    |a_V_6_reg_2495                        |    6|   0|    6|          0|
    |a_V_reg_2353                          |    4|   0|    4|          0|
    |ap_CS_fsm                             |    1|   0|    1|          0|
    |ap_enable_reg_pp0_iter1               |    1|   0|    1|          0|
    |ap_enable_reg_pp0_iter10              |    1|   0|    1|          0|
    |ap_enable_reg_pp0_iter11              |    1|   0|    1|          0|
    |ap_enable_reg_pp0_iter12              |    1|   0|    1|          0|
    |ap_enable_reg_pp0_iter13              |    1|   0|    1|          0|
    |ap_enable_reg_pp0_iter14              |    1|   0|    1|          0|
    |ap_enable_reg_pp0_iter15              |    1|   0|    1|          0|
    |ap_enable_reg_pp0_iter16              |    1|   0|    1|          0|
    |ap_enable_reg_pp0_iter17              |    1|   0|    1|          0|
    |ap_enable_reg_pp0_iter18              |    1|   0|    1|          0|
    |ap_enable_reg_pp0_iter19              |    1|   0|    1|          0|
    |ap_enable_reg_pp0_iter2               |    1|   0|    1|          0|
    |ap_enable_reg_pp0_iter20              |    1|   0|    1|          0|
    |ap_enable_reg_pp0_iter21              |    1|   0|    1|          0|
    |ap_enable_reg_pp0_iter22              |    1|   0|    1|          0|
    |ap_enable_reg_pp0_iter3               |    1|   0|    1|          0|
    |ap_enable_reg_pp0_iter4               |    1|   0|    1|          0|
    |ap_enable_reg_pp0_iter5               |    1|   0|    1|          0|
    |ap_enable_reg_pp0_iter6               |    1|   0|    1|          0|
    |ap_enable_reg_pp0_iter7               |    1|   0|    1|          0|
    |ap_enable_reg_pp0_iter8               |    1|   0|    1|          0|
    |ap_enable_reg_pp0_iter9               |    1|   0|    1|          0|
    |ap_phi_reg_pp0_iter10_p_1_in_reg_580  |   64|   0|   64|          0|
    |ap_phi_reg_pp0_iter11_p_1_in_reg_580  |   64|   0|   64|          0|
    |ap_phi_reg_pp0_iter12_p_1_in_reg_580  |   64|   0|   64|          0|
    |ap_phi_reg_pp0_iter13_p_1_in_reg_580  |   64|   0|   64|          0|
    |ap_phi_reg_pp0_iter14_p_1_in_reg_580  |   64|   0|   64|          0|
    |ap_phi_reg_pp0_iter15_p_1_in_reg_580  |   64|   0|   64|          0|
    |ap_phi_reg_pp0_iter16_p_1_in_reg_580  |   64|   0|   64|          0|
    |ap_phi_reg_pp0_iter17_p_1_in_reg_580  |   64|   0|   64|          0|
    |ap_phi_reg_pp0_iter18_p_1_in_reg_580  |   64|   0|   64|          0|
    |ap_phi_reg_pp0_iter19_p_1_in_reg_580  |   64|   0|   64|          0|
    |ap_phi_reg_pp0_iter1_p_1_in_reg_580   |   64|   0|   64|          0|
    |ap_phi_reg_pp0_iter20_p_1_in_reg_580  |   64|   0|   64|          0|
    |ap_phi_reg_pp0_iter21_p_1_in_reg_580  |   64|   0|   64|          0|
    |ap_phi_reg_pp0_iter22_p_1_in_reg_580  |   64|   0|   64|          0|
    |ap_phi_reg_pp0_iter2_p_1_in_reg_580   |   64|   0|   64|          0|
    |ap_phi_reg_pp0_iter3_p_1_in_reg_580   |   64|   0|   64|          0|
    |ap_phi_reg_pp0_iter4_p_1_in_reg_580   |   64|   0|   64|          0|
    |ap_phi_reg_pp0_iter5_p_1_in_reg_580   |   64|   0|   64|          0|
    |ap_phi_reg_pp0_iter6_p_1_in_reg_580   |   64|   0|   64|          0|
    |ap_phi_reg_pp0_iter7_p_1_in_reg_580   |   64|   0|   64|          0|
    |ap_phi_reg_pp0_iter8_p_1_in_reg_580   |   64|   0|   64|          0|
    |ap_phi_reg_pp0_iter9_p_1_in_reg_580   |   64|   0|   64|          0|
    |b_exp_3_reg_2329                      |   12|   0|   12|          0|
    |b_frac1_V1_reg_2344                   |   54|   0|   54|          0|
    |b_frac1_V1_reg_2344_pp0_iter2_reg     |   54|   0|   54|          0|
    |brmerge_reg_2312                      |    1|   0|    1|          0|
    |exp_Z1_V_reg_2668                     |   58|   0|   58|          0|
    |exp_Z2P_m_1_V_reg_2641                |   44|   0|   44|          0|
    |log_sum_V_1_reg_2556                  |  109|   0|  109|          0|
    |m_diff_hi_V_reg_2593                  |    8|   0|    8|          0|
    |m_fix_V_reg_2571                      |   71|   0|   71|          0|
    |m_fix_V_reg_2571_pp0_iter16_reg       |   71|   0|   71|          0|
    |m_fix_a_V_reg_2588                    |   71|   0|   71|          0|
    |p_Val2_13_reg_2364                    |   73|   0|   73|          0|
    |p_Val2_26_reg_2408                    |   92|   0|   92|          0|
    |p_Val2_33_reg_2435                    |   87|   0|   87|          0|
    |p_Val2_40_reg_2462                    |   82|   0|   82|          0|
    |p_Val2_47_reg_2489                    |   77|   0|   77|          0|
    |p_Val2_47_reg_2489_pp0_iter13_reg     |   77|   0|   77|          0|
    |p_Val2_71_reg_2631                    |   26|   0|   26|          0|
    |r_V_24_reg_2359                       |   75|   0|   75|          0|
    |r_V_26_reg_2403                       |   89|   0|   89|          0|
    |r_V_27_reg_2430                       |   98|   0|   98|          0|
    |r_V_28_reg_2457                       |   93|   0|   93|          0|
    |r_V_29_reg_2484                       |   88|   0|   88|          0|
    |r_V_30_reg_2541                       |   83|   0|   83|          0|
    |r_V_36_reg_2673                       |  100|   0|  100|          0|
    |r_exp_V_3_reg_2576                    |   13|   0|   13|          0|
    |ret_V_11_reg_2479                     |  131|   0|  131|          0|
    |ret_V_16_reg_2566                     |  121|   0|  121|          0|
    |ret_V_19_reg_2625                     |   36|   0|   36|          0|
    |ret_V_5_reg_2398                      |  101|   0|  102|          1|
    |ret_V_7_reg_2425                      |  121|   0|  121|          0|
    |ret_V_9_reg_2452                      |  126|   0|  126|          0|
    |ret_V_i_i_reg_2381                    |   82|   0|   82|          0|
    |tmp24_reg_2658                        |   44|   0|   44|          0|
    |tmp_13_reg_2376                       |   67|   0|   67|          0|
    |tmp_14_reg_2420                       |   86|   0|   86|          0|
    |tmp_16_reg_2561                       |   73|   0|   73|          0|
    |tmp_18_reg_2447                       |   81|   0|   81|          0|
    |tmp_20_reg_2324                       |    1|   0|    1|          0|
    |tmp_22_reg_2474                       |   76|   0|   76|          0|
    |tmp_23_reg_2501                       |   71|   0|   71|          0|
    |tmp_23_reg_2501_pp0_iter13_reg        |   71|   0|   71|          0|
    |tmp_24_not_reg_2307                   |    1|   0|    1|          0|
    |tmp_35_reg_2583                       |    1|   0|    1|          0|
    |tmp_38_reg_2393                       |   76|   0|   76|          0|
    |tmp_39_reg_2647                       |   40|   0|   40|          0|
    |tmp_39_reg_2647_pp0_iter20_reg        |   40|   0|   40|          0|
    |tmp_4_reg_2334                        |    6|   0|   64|         58|
    |tmp_7_reg_2316                        |    1|   0|    1|          0|
    |tmp_9_reg_2320                        |    1|   0|    1|          0|
    |tmp_V_4_reg_2297                      |   52|   0|   52|          0|
    |x_is_p1_reg_2303                      |    1|   0|    1|          0|
    |Z2_V_reg_2598                         |    0|   4|    8|          0|
    |a_V_1_reg_2370                        |    0|   3|    6|          0|
    |a_V_2_reg_2387                        |    0|   3|    6|          0|
    |a_V_3_reg_2414                        |    0|   3|    6|          0|
    |a_V_4_reg_2441                        |    0|   3|    6|          0|
    |a_V_5_reg_2468                        |    0|   3|    6|          0|
    |a_V_reg_2353                          |    0|   2|    4|          0|
    |b_exp_3_reg_2329                      |    0|   6|   12|          0|
    |brmerge_reg_2312                      |    0|   1|    1|          0|
    |m_diff_hi_V_reg_2593                  |    0|   4|    8|          0|
    |r_exp_V_3_reg_2576                    |    0|   7|   13|          0|
    |ret_V_16_reg_2566                     |    3|   1|  121|          0|
    |tmp_24_not_reg_2307                   |    0|   1|    1|          0|
    |tmp_35_reg_2583                       |    0|   1|    1|          0|
    |tmp_4_reg_2334                        |    0|   3|   64|         58|
    |tmp_7_reg_2316                        |    0|   1|    1|          0|
    |tmp_9_reg_2320                        |    0|   1|    1|          0|
    |x_is_p1_reg_2303                      |    0|   1|    1|          0|
    +--------------------------------------+-----+----+-----+-----------+
    |Total                                 | 4836|  48| 5158|        117|
    +--------------------------------------+-----+----+-----+-----------+



================================================================
== Interface
================================================================
* Summary: 
+-----------+-----+-----+------------+---------------------+--------------+
| RTL Ports | Dir | Bits|  Protocol  |    Source Object    |    C Type    |
+-----------+-----+-----+------------+---------------------+--------------+
|ap_clk     |  in |    1| ap_ctrl_hs | pow_generic<double> | return value |
|ap_rst     |  in |    1| ap_ctrl_hs | pow_generic<double> | return value |
|ap_start   |  in |    1| ap_ctrl_hs | pow_generic<double> | return value |
|ap_done    | out |    1| ap_ctrl_hs | pow_generic<double> | return value |
|ap_idle    | out |    1| ap_ctrl_hs | pow_generic<double> | return value |
|ap_ready   | out |    1| ap_ctrl_hs | pow_generic<double> | return value |
|ap_ce      |  in |    1| ap_ctrl_hs | pow_generic<double> | return value |
|ap_return  | out |   64| ap_ctrl_hs | pow_generic<double> | return value |
|base_r     |  in |   64|   ap_none  |        base_r       |    scalar    |
+-----------+-----+-----+------------+---------------------+--------------+

